[chaintools.ai/index.html]
[chaintools.ai/assets/images/logo.png]
[chaintools.ai/assets/css/index.css]
[cdnjs.cloudflare.com/ajax/libs/animate.css/4.1.1/animate.min.css]
[backblue.gif]
[fade.gif]
[index.html]
[cdnjs.cloudflare.com/ajax/libs/font-awesome/4.7.0/css/font-awesome.min.css]
[chaintools.ai/assets/javascript/script.js]
[chaintools.ai/assets/images/main-logo.png]
[chaintools.ai/assets/images/down.png]
[chaintools.ai/assets/images/hero-img.png]
[chaintools.ai/assets/images/rt1.png]
[chaintools.ai/assets/images/bar.png]
[chaintools.ai/assets/images/token 2.png]
[chaintools.ai/assets/images/token line.png]
[chaintools.ai/assets/images/token 1.png]
[chaintools.ai/assets/images/token 3.png]
[chaintools.ai/assets/images/bg.png]
[chaintools.ai/assets/images/eco1.png]
[chaintools.ai/assets/images/eco2.png]
[chaintools.ai/assets/images/eco3.png]
[chaintools.ai/assets/images/eco4.png]
[chaintools.ai/assets/images/eco5.png]
[chaintools.ai/assets/images/eco6.png]
[chaintools.ai/assets/images/faq logo.png]
[chaintools.ai/assets/images/Twitter.png]
[chaintools.ai/assets/images/Telegrame.png]
[chaintools.ai/assets/images/Medium.png]
[chaintools.ai/assets/images/Email.png]
[chaintools.ai/assets/images/market.png]
[chaintools.ai/index.html]
[chaintools.ai/assets/images/eco.png]
[chaintools.ai/assets/images/whitepaper.png]
[chaintools.ai/assets/images/faqHERO.png]
[chaintools.ai/assets/css/index.css]
[cdnjs.cloudflare.com/ajax/libs/animate.css/4.1.1/animate.min.css]
[cdnjs.cloudflare.com/ajax/libs/font-awesome/4.7.0/css/font-awesome.min.css]
[chaintools.ai/assets/images/hero.html]
[chaintools.ai/assets/images/faq.html]
